// Jest Snapshot v1, https://goo.gl/fbAQLP

exports[`Header Tests Renders and Matches snapshot 1`] = `
<View
  style={
    Object {
      "alignItems": "stretch",
      "backgroundColor": "#2196F3",
      "height": 55,
      "justifyContent": "center",
      "paddingLeft": 10,
    }
  }
>
  <Text
    style={
      Object {
        "color": "white",
        "fontSize": 20,
        "fontWeight": "bold",
      }
    }
  >
    Base64
  </Text>
</View>
`;
